../Core/Src/main.c:89:6:udelay_asm	16	static,ignoring_inline_asm
../Core/Src/main.c:100:6:myFmtFunction	48	dynamic
../Core/Src/main.c:119:6:main_cycle	16	static
../Core/Src/main.c:150:5:main	8	static
../Core/Src/main.c:215:6:SystemClock_Config	88	static
../Core/Src/main.c:260:6:PeriphCommonClock_Config	32	static
../Core/Src/main.c:281:13:MX_I2C1_Init	8	static
../Core/Src/main.c:315:13:MX_I2S2_Init	8	static
../Core/Src/main.c:349:13:MX_I2S3_Init	8	static
../Core/Src/main.c:383:13:MX_SPI1_Init	8	static
../Core/Src/main.c:421:13:MX_TIM2_Init	32	static
../Core/Src/main.c:466:13:MX_GPIO_Init	56	static
../Core/Src/main.c:535:6:HAL_TIM_PeriodElapsedCallback	16	static
../Core/Src/main.c:550:6:Error_Handler	4	static,ignoring_inline_asm
