../Core/Src/main.c:86:6:udelay_asm	16	static,ignoring_inline_asm
../Core/Src/main.c:97:6:myFmtFunction	48	dynamic
../Core/Src/main.c:121:5:main	16	static
../Core/Src/main.c:209:6:SystemClock_Config	88	static
../Core/Src/main.c:254:6:PeriphCommonClock_Config	32	static
../Core/Src/main.c:275:13:MX_I2C1_Init	8	static
../Core/Src/main.c:309:13:MX_I2S2_Init	8	static
../Core/Src/main.c:343:13:MX_I2S3_Init	8	static
../Core/Src/main.c:377:13:MX_SPI1_Init	8	static
../Core/Src/main.c:415:13:MX_GPIO_Init	56	static
../Core/Src/main.c:491:6:Error_Handler	4	static,ignoring_inline_asm
